E:\rexProgram\CoDevStudio\Py312\Scripts\pytho
n.exe : Creating test database for alias 'def
ault'...
位於 線路:1 字元:1
+ E:\rexProgram\CoDevStudio\Py312\Scripts\pyt
hon.exe -c "import sys; sy ...
+ ~~~~~~~~~~~~~~~~~~~~~~~~~~~~~~~~~~~~~~~~~~~
~~~~~~~~~~~~~~~~~~~~~~~~~~
    + CategoryInfo          : NotSpecified:  
   (Creating test d...as 'default'...:Strin  
  g) [], RemoteException
    + FullyQualifiedErrorId : NativeCommandE 
   rror
 

.E..E
=============================================
=========================
ERROR: test_achievement_list_view (DevShowcas
e.tests.DevShowcaseTestCase.test_achievement_
list_view)
測試成果列表頁面
---------------------------------------------
-------------------------
Traceback (most recent call last):
  File "E:\rexProgram\CoDevStudio\Py312\Lib\s
ite-packages\django\template\base.py", line 8
90, in _resolve_lookup
    raise TypeError
TypeError

During handling of the above exception, anoth
er exception occurred:

Traceback (most recent call last):
  File "E:\rexProgram\CoDevStudio\src\DevShow
case\tests.py", line 46, in test_achievement_
list_view
    response = self.client.get('/showcase/')
               ^^^^^^^^^^^^^^^^^^^^^^^^^^^^^
  File "E:\rexProgram\CoDevStudio\Py312\Lib\s
ite-packages\django\test\client.py", line 112
4, in get
    response = super().get(
               ^^^^^^^^^^^^
  File "E:\rexProgram\CoDevStudio\Py312\Lib\s
ite-packages\django\test\client.py", line 475
, in get
    return self.generic(
           ^^^^^^^^^^^^^
  File "E:\rexProgram\CoDevStudio\Py312\Lib\s
ite-packages\django\test\client.py", line 671
, in generic
    return self.request(**r)
           ^^^^^^^^^^^^^^^^^
  File "E:\rexProgram\CoDevStudio\Py312\Lib\s
ite-packages\django\test\client.py", line 108
7, in request
    self.check_exception(response)
  File "E:\rexProgram\CoDevStudio\Py312\Lib\s
ite-packages\django\test\client.py", line 802
, in check_exception
    raise exc_value
  File "E:\rexProgram\CoDevStudio\Py312\Lib\s
ite-packages\django\core\handlers\exception.p
y", line 55, in inner
    response = get_response(request)
               ^^^^^^^^^^^^^^^^^^^^^
  File "E:\rexProgram\CoDevStudio\Py312\Lib\s
ite-packages\django\core\handlers\base.py", l
ine 220, in _get_response
    response = response.render()
               ^^^^^^^^^^^^^^^^^
  File "E:\rexProgram\CoDevStudio\Py312\Lib\s
ite-packages\django\template\response.py", li
ne 114, in render
    self.content = self.rendered_content
                   ^^^^^^^^^^^^^^^^^^^^^
  File "E:\rexProgram\CoDevStudio\Py312\Lib\s
ite-packages\django\template\response.py", li
ne 92, in rendered_content
    return template.render(context, self._req
uest)
           ^^^^^^^^^^^^^^^^^^^^^^^^^^^^^^^^^^
^^^^^
  File "E:\rexProgram\CoDevStudio\Py312\Lib\s
ite-packages\django\template\backends\django.
py", line 107, in render
    return self.template.render(context)
           ^^^^^^^^^^^^^^^^^^^^^^^^^^^^^
  File "E:\rexProgram\CoDevStudio\Py312\Lib\s
ite-packages\django\template\base.py", line 1
71, in render
    return self._render(context)
           ^^^^^^^^^^^^^^^^^^^^^
  File "E:\rexProgram\CoDevStudio\Py312\Lib\s
ite-packages\django\test\utils.py", line 114,
 in instrumented_test_render
    return self.nodelist.render(context)
           ^^^^^^^^^^^^^^^^^^^^^^^^^^^^^
  File "E:\rexProgram\CoDevStudio\Py312\Lib\s
ite-packages\django\template\base.py", line 1
016, in render
    return SafeString("".join([node.render_an
notated(context) for node in self]))
                               ^^^^^^^^^^^^^^
^^^^^^^^^^^^^^^^
  File "E:\rexProgram\CoDevStudio\Py312\Lib\s
ite-packages\django\template\base.py", line 9
77, in render_annotated
    return self.render(context)
           ^^^^^^^^^^^^^^^^^^^^
  File "E:\rexProgram\CoDevStudio\Py312\Lib\s
ite-packages\django\template\defaulttags.py",
 line 243, in render
    nodelist.append(node.render_annotated(con
text))
                    ^^^^^^^^^^^^^^^^^^^^^^^^^
^^^^^
  File "E:\rexProgram\CoDevStudio\Py312\Lib\s
ite-packages\django\template\base.py", line 9
77, in render_annotated
    return self.render(context)
           ^^^^^^^^^^^^^^^^^^^^
  File "E:\rexProgram\CoDevStudio\Py312\Lib\s
ite-packages\django\template\defaulttags.py",
 line 327, in render
    return nodelist.render(context)
           ^^^^^^^^^^^^^^^^^^^^^^^^
  File "E:\rexProgram\CoDevStudio\Py312\Lib\s
ite-packages\django\template\base.py", line 1
016, in render
    return SafeString("".join([node.render_an
notated(context) for node in self]))
                               ^^^^^^^^^^^^^^
^^^^^^^^^^^^^^^^
  File "E:\rexProgram\CoDevStudio\Py312\Lib\s
ite-packages\django\template\base.py", line 9
77, in render_annotated
    return self.render(context)
           ^^^^^^^^^^^^^^^^^^^^
  File "E:\rexProgram\CoDevStudio\Py312\Lib\s
ite-packages\django\template\defaulttags.py",
 line 243, in render
    nodelist.append(node.render_annotated(con
text))
                    ^^^^^^^^^^^^^^^^^^^^^^^^^
^^^^^
  File "E:\rexProgram\CoDevStudio\Py312\Lib\s
ite-packages\django\template\base.py", line 9
77, in render_annotated
    return self.render(context)
           ^^^^^^^^^^^^^^^^^^^^
  File "E:\rexProgram\CoDevStudio\Py312\Lib\s
ite-packages\django\template\base.py", line 1
075, in render
    output = self.filter_expression.resolve(c
ontext)
             ^^^^^^^^^^^^^^^^^^^^^^^^^^^^^^^^
^^^^^^^
  File "E:\rexProgram\CoDevStudio\Py312\Lib\s
ite-packages\django\template\base.py", line 7
22, in resolve
    obj = self.var.resolve(context)
          ^^^^^^^^^^^^^^^^^^^^^^^^^
  File "E:\rexProgram\CoDevStudio\Py312\Lib\s
ite-packages\django\template\base.py", line 8
54, in resolve
    value = self._resolve_lookup(context)
            ^^^^^^^^^^^^^^^^^^^^^^^^^^^^^
  File "E:\rexProgram\CoDevStudio\Py312\Lib\s
ite-packages\django\template\base.py", line 9
01, in _resolve_lookup
    current = getattr(current, bit)
              ^^^^^^^^^^^^^^^^^^^^^
  File "E:\rexProgram\CoDevStudio\Py312\Lib\s
ite-packages\django\db\models\fields\files.py
", line 69, in url
    self._require_file()
  File "E:\rexProgram\CoDevStudio\Py312\Lib\s
ite-packages\django\db\models\fields\files.py
", line 44, in _require_file
    raise ValueError(
ValueError: The 'video' attribute has no file
 associated with it.

=============================================
=========================
ERROR: test_view_log_creation (DevShowcase.te
sts.DevShowcaseTestCase.test_view_log_creatio
n)
測試瀏覽記錄
---------------------------------------------
-------------------------
Traceback (most recent call last):
  File "E:\rexProgram\CoDevStudio\Py312\Lib\s
ite-packages\django\template\base.py", line 8
90, in _resolve_lookup
    raise TypeError
TypeError

During handling of the above exception, anoth
er exception occurred:

Traceback (most recent call last):
  File "E:\rexProgram\CoDevStudio\src\DevShow
case\tests.py", line 53, in test_view_log_cre
ation
    response = self.client.get(f'/showcase/ac
hievement/{self.achievement.id}/')
               ^^^^^^^^^^^^^^^^^^^^^^^^^^^^^^
^^^^^^^^^^^^^^^^^^^^^^^^^^^^^^^^^^
  File "E:\rexProgram\CoDevStudio\Py312\Lib\s
ite-packages\django\test\client.py", line 112
4, in get
    response = super().get(
               ^^^^^^^^^^^^
  File "E:\rexProgram\CoDevStudio\Py312\Lib\s
ite-packages\django\test\client.py", line 475
, in get
    return self.generic(
           ^^^^^^^^^^^^^
  File "E:\rexProgram\CoDevStudio\Py312\Lib\s
ite-packages\django\test\client.py", line 671
, in generic
    return self.request(**r)
           ^^^^^^^^^^^^^^^^^
  File "E:\rexProgram\CoDevStudio\Py312\Lib\s
ite-packages\django\test\client.py", line 108
7, in request
    self.check_exception(response)
  File "E:\rexProgram\CoDevStudio\Py312\Lib\s
ite-packages\django\test\client.py", line 802
, in check_exception
    raise exc_value
  File "E:\rexProgram\CoDevStudio\Py312\Lib\s
ite-packages\django\core\handlers\exception.p
y", line 55, in inner
    response = get_response(request)
               ^^^^^^^^^^^^^^^^^^^^^
  File "E:\rexProgram\CoDevStudio\Py312\Lib\s
ite-packages\django\core\handlers\base.py", l
ine 220, in _get_response
    response = response.render()
               ^^^^^^^^^^^^^^^^^
  File "E:\rexProgram\CoDevStudio\Py312\Lib\s
ite-packages\django\template\response.py", li
ne 114, in render
    self.content = self.rendered_content
                   ^^^^^^^^^^^^^^^^^^^^^
  File "E:\rexProgram\CoDevStudio\Py312\Lib\s
ite-packages\django\template\response.py", li
ne 92, in rendered_content
    return template.render(context, self._req
uest)
           ^^^^^^^^^^^^^^^^^^^^^^^^^^^^^^^^^^
^^^^^
  File "E:\rexProgram\CoDevStudio\Py312\Lib\s
ite-packages\django\template\backends\django.
py", line 107, in render
    return self.template.render(context)
           ^^^^^^^^^^^^^^^^^^^^^^^^^^^^^
  File "E:\rexProgram\CoDevStudio\Py312\Lib\s
ite-packages\django\template\base.py", line 1
71, in render
    return self._render(context)
           ^^^^^^^^^^^^^^^^^^^^^
  File "E:\rexProgram\CoDevStudio\Py312\Lib\s
ite-packages\django\test\utils.py", line 114,
 in instrumented_test_render
    return self.nodelist.render(context)
           ^^^^^^^^^^^^^^^^^^^^^^^^^^^^^
  File "E:\rexProgram\CoDevStudio\Py312\Lib\s
ite-packages\django\template\base.py", line 1
016, in render
    return SafeString("".join([node.render_an
notated(context) for node in self]))
                               ^^^^^^^^^^^^^^
^^^^^^^^^^^^^^^^
  File "E:\rexProgram\CoDevStudio\Py312\Lib\s
ite-packages\django\template\base.py", line 9
77, in render_annotated
    return self.render(context)
           ^^^^^^^^^^^^^^^^^^^^
  File "E:\rexProgram\CoDevStudio\Py312\Lib\s
ite-packages\django\template\base.py", line 1
075, in render
    output = self.filter_expression.resolve(c
ontext)
             ^^^^^^^^^^^^^^^^^^^^^^^^^^^^^^^^
^^^^^^^
  File "E:\rexProgram\CoDevStudio\Py312\Lib\s
ite-packages\django\template\base.py", line 7
22, in resolve
    obj = self.var.resolve(context)
          ^^^^^^^^^^^^^^^^^^^^^^^^^
  File "E:\rexProgram\CoDevStudio\Py312\Lib\s
ite-packages\django\template\base.py", line 8
54, in resolve
    value = self._resolve_lookup(context)
            ^^^^^^^^^^^^^^^^^^^^^^^^^^^^^
  File "E:\rexProgram\CoDevStudio\Py312\Lib\s
ite-packages\django\template\base.py", line 9
01, in _resolve_lookup
    current = getattr(current, bit)
              ^^^^^^^^^^^^^^^^^^^^^
  File "E:\rexProgram\CoDevStudio\Py312\Lib\s
ite-packages\django\db\models\fields\files.py
", line 69, in url
    self._require_file()
  File "E:\rexProgram\CoDevStudio\Py312\Lib\s
ite-packages\django\db\models\fields\files.py
", line 44, in _require_file
    raise ValueError(
ValueError: The 'video' attribute has no file
 associated with it.

---------------------------------------------
-------------------------
Ran 5 tests in 1.734s

FAILED (errors=2)
Destroying test database for alias 'default'.
..

Found 5 test(s).
System check identified no issues (0 silenced).
